###############################################################################
#
# IAR ELF Linker V7.80.4.12462/W32 for ARM                13/Sep/2020  08:05:22
# Copyright 2007-2017 IAR Systems AB.
#
#    Output file  =  
#        C:\work\airpacker_030\EWARM\airpacker_030\Exe\airpacker_030.out
#    Map file     =  
#        C:\work\airpacker_030\EWARM\airpacker_030\List\airpacker_030.map
#    Command line =  
#        C:\work\airpacker_030\EWARM\airpacker_030\Obj\cmsis_os.o
#        C:\work\airpacker_030\EWARM\airpacker_030\Obj\croutine.o
#        C:\work\airpacker_030\EWARM\airpacker_030\Obj\event_groups.o
#        C:\work\airpacker_030\EWARM\airpacker_030\Obj\freertos.o
#        C:\work\airpacker_030\EWARM\airpacker_030\Obj\heap_5.o
#        C:\work\airpacker_030\EWARM\airpacker_030\Obj\indicator.o
#        C:\work\airpacker_030\EWARM\airpacker_030\Obj\list.o
#        C:\work\airpacker_030\EWARM\airpacker_030\Obj\main.o
#        C:\work\airpacker_030\EWARM\airpacker_030\Obj\motor.o
#        C:\work\airpacker_030\EWARM\airpacker_030\Obj\pcconn.o
#        C:\work\airpacker_030\EWARM\airpacker_030\Obj\port.o
#        C:\work\airpacker_030\EWARM\airpacker_030\Obj\portasm.o
#        C:\work\airpacker_030\EWARM\airpacker_030\Obj\queue.o
#        C:\work\airpacker_030\EWARM\airpacker_030\Obj\startup_stm32f030x8.o
#        C:\work\airpacker_030\EWARM\airpacker_030\Obj\stm32f0xx_hal.o
#        C:\work\airpacker_030\EWARM\airpacker_030\Obj\stm32f0xx_hal_adc.o
#        C:\work\airpacker_030\EWARM\airpacker_030\Obj\stm32f0xx_hal_adc_ex.o
#        C:\work\airpacker_030\EWARM\airpacker_030\Obj\stm32f0xx_hal_cortex.o
#        C:\work\airpacker_030\EWARM\airpacker_030\Obj\stm32f0xx_hal_dma.o
#        C:\work\airpacker_030\EWARM\airpacker_030\Obj\stm32f0xx_hal_exti.o
#        C:\work\airpacker_030\EWARM\airpacker_030\Obj\stm32f0xx_hal_flash.o
#        C:\work\airpacker_030\EWARM\airpacker_030\Obj\stm32f0xx_hal_flash_ex.o
#        C:\work\airpacker_030\EWARM\airpacker_030\Obj\stm32f0xx_hal_gpio.o
#        C:\work\airpacker_030\EWARM\airpacker_030\Obj\stm32f0xx_hal_i2c.o
#        C:\work\airpacker_030\EWARM\airpacker_030\Obj\stm32f0xx_hal_i2c_ex.o
#        C:\work\airpacker_030\EWARM\airpacker_030\Obj\stm32f0xx_hal_iwdg.o
#        C:\work\airpacker_030\EWARM\airpacker_030\Obj\stm32f0xx_hal_msp.o
#        C:\work\airpacker_030\EWARM\airpacker_030\Obj\stm32f0xx_hal_pwr.o
#        C:\work\airpacker_030\EWARM\airpacker_030\Obj\stm32f0xx_hal_pwr_ex.o
#        C:\work\airpacker_030\EWARM\airpacker_030\Obj\stm32f0xx_hal_rcc.o
#        C:\work\airpacker_030\EWARM\airpacker_030\Obj\stm32f0xx_hal_rcc_ex.o
#        C:\work\airpacker_030\EWARM\airpacker_030\Obj\stm32f0xx_hal_spi.o
#        C:\work\airpacker_030\EWARM\airpacker_030\Obj\stm32f0xx_hal_spi_ex.o
#        C:\work\airpacker_030\EWARM\airpacker_030\Obj\stm32f0xx_hal_tim.o
#        C:\work\airpacker_030\EWARM\airpacker_030\Obj\stm32f0xx_hal_tim_ex.o
#        C:\work\airpacker_030\EWARM\airpacker_030\Obj\stm32f0xx_hal_uart.o
#        C:\work\airpacker_030\EWARM\airpacker_030\Obj\stm32f0xx_hal_uart_ex.o
#        C:\work\airpacker_030\EWARM\airpacker_030\Obj\stm32f0xx_it.o
#        C:\work\airpacker_030\EWARM\airpacker_030\Obj\stream_buffer.o
#        C:\work\airpacker_030\EWARM\airpacker_030\Obj\system_stm32f0xx.o
#        C:\work\airpacker_030\EWARM\airpacker_030\Obj\tasks.o
#        C:\work\airpacker_030\EWARM\airpacker_030\Obj\temp_sensor.o
#        C:\work\airpacker_030\EWARM\airpacker_030\Obj\timers.o --redirect
#        _Printf=_PrintfFull --redirect _Scanf=_ScanfFull -o
#        C:\work\airpacker_030\EWARM\airpacker_030\Exe\airpacker_030.out --map
#        C:\work\airpacker_030\EWARM\airpacker_030\List\airpacker_030.map
#        --config C:\work\airpacker_030\EWARM/stm32f030x8_flash.icf
#        --semihosting --entry __iar_program_start --vfe
#
###############################################################################

*******************************************************************************
*** RUNTIME MODEL ATTRIBUTES
***

CppFlavor        = *
__CPP_Exceptions = Disabled
__CPP_Language   = C++
__SystemLibrary  = DLib


*******************************************************************************
*** PLACEMENT SUMMARY
***

"A0":  place at 0x08000000 { ro section .intvec };
"P1":  place in [from 0x08000000 to 0x0800ffff] { ro };
"P2":  place in [from 0x20000000 to 0x20001fff] { rw, block CSTACK, block HEAP };
initialize by copy { rw };

  Section             Kind        Address    Size  Object
  -------             ----        -------    ----  ------
"A0":                                        0xb4
  .intvec             ro code  0x08000000    0xb4  startup_stm32f030x8.o [1]
                             - 0x080000b4    0xb4

"P1":                                      0x6002
  .text               ro code  0x080000b4   0x8a0  stm32f0xx_hal_tim.o [1]
  .text               ro code  0x08000954    0x4c  stm32f0xx_hal_dma.o [1]
  .text               ro code  0x080009a0   0x858  tasks.o [1]
  .text               ro code  0x080011f8   0x208  heap_5.o [1]
  .text               ro code  0x08001400    0x40  ABImemset.o [5]
  .text               ro code  0x08001440    0x98  list.o [1]
  .text               ro code  0x080014d8   0x118  port.o [1]
  .text               ro code  0x080015f0    0x30  freertos.o [1]
  .text               ro code  0x08001620   0x37c  timers.o [1]
  .text               ro code  0x0800199c     0x2  freertos.o [1]
  .text               ro code  0x0800199e     0x2  startup_stm32f030x8.o [1]
  CODE                ro code  0x080019a0    0x7c  portasm.o [1]
  .text               ro code  0x08001a1c    0xe0  I32DivModFast.o [5]
  .text               ro code  0x08001afc   0x536  queue.o [1]
  .text               ro code  0x08002032     0x2  startup_stm32f030x8.o [1]
  .text               ro code  0x08002034     0x2  IntDivZer.o [5]
  .text               ro code  0x08002036     0x2  startup_stm32f030x8.o [1]
  .text               ro code  0x08002038    0x5c  ABImemcpy.o [5]
  .text               ro code  0x08002094   0x6ac  indicator.o [1]
  .text               ro code  0x08002740   0x1c0  stm32f0xx_hal_gpio.o [1]
  .text               ro code  0x08002900   0x4e0  stm32f0xx_hal_spi.o [1]
  .text               ro code  0x08002de0     0xc  stm32f0xx_hal.o [1]
  .text               ro code  0x08002dec    0x84  cmsis_os.o [1]
  .text               ro code  0x08002e70   0x104  stm32f0xx_hal_cortex.o [1]
  .text               ro code  0x08002f74   0x2f0  stm32f0xx_hal_msp.o [1]
  .text               ro code  0x08003264     0x2  stm32f0xx_hal_spi.o [1]
  .text               ro code  0x08003266     0x2  startup_stm32f030x8.o [1]
  .text               ro code  0x08003268   0x686  stm32f0xx_hal_uart.o [1]
  .text               ro code  0x080038ee     0x2  stm32f0xx_hal_uart.o [1]
  .text               ro code  0x080038f0   0x638  stm32f0xx_hal_rcc.o [1]
  .text               ro code  0x08003f28    0x34  pcconn.o [1]
  .text               ro code  0x08003f5c    0x4c  stm32f0xx_hal.o [1]
  .text               ro code  0x08003fa8    0x10  strlen.o [5]
  .text               ro code  0x08003fb8   0x5f8  main.o [1]
  .text               ro code  0x080045b0    0x20  stm32f0xx_hal.o [1]
  .text               ro code  0x080045d0   0x130  stm32f0xx_hal_rcc_ex.o [1]
  .text               ro code  0x08004700   0x434  stm32f0xx_hal_adc.o [1]
  .text               ro code  0x08004b34    0xd8  stm32f0xx_hal_tim_ex.o [1]
  .text               ro code  0x08004c0c    0xd8  stm32f0xx_hal_exti.o [1]
  .text               ro code  0x08004ce4   0x478  temp_sensor.o [1]
  .text               ro code  0x0800515c     0x2  stm32f0xx_hal_adc.o [1]
  .text               ro code  0x0800515e     0x2  stm32f0xx_hal_adc.o [1]
  .text               ro code  0x08005160    0x32  FltToDbl.o [4]
  .text               ro code  0x08005192   0x1b4  DblAddSub.o [4]
  .text               ro code  0x08005346    0x62  DblToFlt.o [4]
  .text               ro code  0x080053a8    0xc2  DblDiv.o [4]
  .text               ro code  0x0800546a    0xaa  FltDiv.o [4]
  .text               ro code  0x08005514     0xa  logf.o [4]
  .text               ro code  0x0800551e   0x120  FltAddSub.o [4]
  .text               ro code  0x0800563e     0x2  startup_stm32f030x8.o [1]
  .text               ro code  0x08005640    0x36  I32ToFlt.o [4]
  .text               ro code  0x08005676   0x184  DblMul.o [4]
  .text               ro code  0x080057fa    0xb0  FltMul.o [4]
  .text               ro code  0x080058aa     0x2  startup_stm32f030x8.o [1]
  .text               ro code  0x080058ac    0x3a  FltToS32.o [4]
  .text               ro code  0x080058e6     0x2  startup_stm32f030x8.o [1]
  .text               ro code  0x080058e8    0x4e  DblToI32.o [4]
  .text               ro code  0x08005936     0x2  startup_stm32f030x8.o [1]
  .text               ro code  0x08005938    0x28  FltCmpGe.o [4]
  .text               ro code  0x08005960   0x1ac  xflog.o [4]
  .text               ro code  0x08005b0c    0x10  errno.o [3]
  .text               ro code  0x08005b1c    0x26  FltCmpLe.o [4]
  .text               ro code  0x08005b42     0x2  xtls.o [3]
  .text               ro code  0x08005b44   0x194  motor.o [1]
  .text               ro code  0x08005cd8    0xc0  stm32f0xx_it.o [1]
  .text               ro code  0x08005d98    0x18  stm32f0xx_hal.o [1]
  .text               ro code  0x08005db0    0x3c  zero_init3.o [5]
  .text               ro code  0x08005dec    0x3c  packbits_init_single.o [5]
  .text               ro code  0x08005e28    0x28  data_init.o [5]
  .iar.init_table     const    0x08005e50    0x20  - Linker created -
  .rodata             const    0x08005e70    0x1c  main.o [1]
  .rodata             const    0x08005e8c    0x1c  main.o [1]
  .rodata             const    0x08005ea8    0x1c  main.o [1]
  .rodata             const    0x08005ec4    0x1c  main.o [1]
  .rodata             const    0x08005ee0    0x1c  main.o [1]
  .text               ro code  0x08005efc    0x1a  cmain.o [5]
  .text               ro code  0x08005f16     0x4  low_level_init.o [3]
  .text               ro code  0x08005f1a     0x8  exit.o [3]
  .text               ro code  0x08005f22     0x2  startup_stm32f030x8.o [1]
  .text               ro code  0x08005f24     0xa  cexit.o [5]
  .text               ro code  0x08005f2e     0x2  startup_stm32f030x8.o [1]
  .text               ro code  0x08005f30    0x14  exit.o [6]
  .rodata             const    0x08005f44    0x18  pcconn.o [1]
  .rodata             const    0x08005f5c    0x14  main.o [1]
  .rodata             const    0x08005f70    0x10  main.o [1]
  .rodata             const    0x08005f80    0x10  stm32f0xx_hal_rcc.o [1]
  .rodata             const    0x08005f90    0x10  stm32f0xx_hal_rcc.o [1]
  .rodata             const    0x08005fa0    0x10  system_stm32f0xx.o [1]
  .text               ro code  0x08005fb0    0x10  startup_stm32f030x8.o [1]
  .rodata             const    0x08005fc0     0xc  indicator.o [1]
  .rodata             const    0x08005fcc     0xc  main.o [1]
  .rodata             const    0x08005fd8     0xc  main.o [1]
  .text               ro code  0x08005fe4     0xc  cstartup_M.o [5]
  .rodata             const    0x08005ff0     0x8  indicator.o [1]
  .rodata             const    0x08005ff8     0x8  main.o [1]
  .rodata             const    0x08006000     0x8  main.o [1]
  .rodata             const    0x08006008     0x8  main.o [1]
  .rodata             const    0x08006010     0x8  system_stm32f0xx.o [1]
  .rodata             const    0x08006018     0x8  tasks.o [1]
  .rodata             const    0x08006020     0x8  timers.o [1]
  .rodata             const    0x08006028     0x8  timers.o [1]
  .text               ro code  0x08006030     0x2  startup_stm32f030x8.o [1]
  .text               ro code  0x08006032     0x2  startup_stm32f030x8.o [1]
  .text               ro code  0x08006034     0x2  startup_stm32f030x8.o [1]
  .text               ro code  0x08006036     0x2  startup_stm32f030x8.o [1]
  .text               ro code  0x08006038     0x2  startup_stm32f030x8.o [1]
  .text               ro code  0x0800603a     0x2  startup_stm32f030x8.o [1]
  .text               ro code  0x0800603c     0x2  startup_stm32f030x8.o [1]
  .text               ro code  0x0800603e     0x2  stm32f0xx_hal_tim.o [1]
  .text               ro code  0x08006040     0x2  stm32f0xx_hal_tim.o [1]
  .text               ro code  0x08006042     0x2  stm32f0xx_hal_tim.o [1]
  .text               ro code  0x08006044     0x2  stm32f0xx_hal_tim.o [1]
  .text               ro code  0x08006046     0x2  stm32f0xx_hal_tim.o [1]
  .text               ro code  0x08006048     0x2  stm32f0xx_hal_tim.o [1]
  .text               ro code  0x0800604a     0x2  stm32f0xx_hal_tim.o [1]
  .text               ro code  0x0800604c     0x2  stm32f0xx_hal_tim.o [1]
  .text               ro code  0x0800604e     0x2  stm32f0xx_hal_tim.o [1]
  .text               ro code  0x08006050     0x2  stm32f0xx_hal_tim.o [1]
  .text               ro code  0x08006052     0x2  stm32f0xx_hal_tim.o [1]
  .text               ro code  0x08006054     0x2  stm32f0xx_hal_tim_ex.o [1]
  .text               ro code  0x08006056     0x2  stm32f0xx_hal_tim_ex.o [1]
  .text               ro code  0x08006058     0x2  stm32f0xx_hal_tim_ex.o [1]
  .rodata             const    0x0800605a     0x1  unwind_debug.o [6]
  .text               ro code  0x0800605c     0x2  system_stm32f0xx.o [1]
  .rodata             const    0x0800605e     0x0  zero_init3.o [5]
  .rodata             const    0x0800605e     0x0  packbits_init_single.o [5]
  Initializer bytes   const    0x0800605e    0x58  <for P2-1>
                             - 0x080060b6  0x6002

"P2", part 1 of 3:                           0x72
  P2-1                         0x20000000    0x72  <Init block>
    .data             inited   0x20000000    0x10  indicator.o [1]
    .data             inited   0x20000010    0x10  indicator.o [1]
    .data             inited   0x20000020    0x10  indicator.o [1]
    .data             inited   0x20000030    0x10  indicator.o [1]
    .data             inited   0x20000040    0x10  main.o [1]
    .data             inited   0x20000050     0x4  port.o [1]
    .data             inited   0x20000054     0x4  stm32f0xx_hal.o [1]
    .data             inited   0x20000058     0x4  system_stm32f0xx.o [1]
    .data             inited   0x2000005c    0x10  temp_sensor.o [1]
    __DLIB_PERTHREAD  inited   0x2000006c     0x4  errno.o [3]
    .data             inited   0x20000070     0x1  indicator.o [1]
    .data             inited   0x20000071     0x1  stm32f0xx_hal.o [1]
                             - 0x20000072    0x72

"P2", part 2 of 3:                          0x400
  CSTACK                       0x20000078   0x400  <Block>
    CSTACK            uninit   0x20000078   0x400  <Block tail>
                             - 0x20000478   0x400

"P2", part 3 of 3:                         0x1918
  RAM_region          zero     0x20000478   0xc00  main.o [1]
  .bss                zero     0x20001078   0x400  freertos.o [1]
  .bss                zero     0x20001478   0x200  freertos.o [1]
  .bss                zero     0x20001678    0xac  main.o [1]
  .bss                zero     0x20001724    0xac  main.o [1]
  .bss                zero     0x200017d0    0xac  main.o [1]
  .bss                zero     0x2000187c    0x8c  tasks.o [1]
  .bss                zero     0x20001908    0x80  main.o [1]
  .bss                zero     0x20001988    0x78  timers.o [1]
  .bss                zero     0x20001a00    0x64  main.o [1]
  .bss                zero     0x20001a64    0x54  freertos.o [1]
  .bss                zero     0x20001ab8    0x54  freertos.o [1]
  .bss                zero     0x20001b0c    0x48  timers.o [1]
  .bss                zero     0x20001b54    0x40  main.o [1]
  .bss                zero     0x20001b94    0x40  queue.o [1]
  .bss                zero     0x20001bd4    0x34  indicator.o [1]
  .bss                zero     0x20001c08    0x14  tasks.o [1]
  .bss                zero     0x20001c1c    0x14  tasks.o [1]
  .bss                zero     0x20001c30    0x14  tasks.o [1]
  .bss                zero     0x20001c44    0x14  tasks.o [1]
  .bss                zero     0x20001c58    0x14  tasks.o [1]
  .bss                zero     0x20001c6c    0x14  timers.o [1]
  .bss                zero     0x20001c80    0x14  timers.o [1]
  .bss                zero     0x20001c94    0x10  indicator.o [1]
  .bss                zero     0x20001ca4    0x10  indicator.o [1]
  .bss                zero     0x20001cb4    0x10  indicator.o [1]
  .bss                zero     0x20001cc4    0x10  temp_sensor.o [1]
  .bss                zero     0x20001cd4     0x8  heap_5.o [1]
  .bss                zero     0x20001cdc     0x8  indicator.o [1]
  .bss                zero     0x20001ce4     0x8  indicator.o [1]
  .bss                zero     0x20001cec     0x8  indicator.o [1]
  .bss                zero     0x20001cf4     0x8  indicator.o [1]
  .bss                zero     0x20001cfc     0x8  motor.o [1]
  .bss                zero     0x20001d04     0x4  heap_5.o [1]
  .bss                zero     0x20001d08     0x4  heap_5.o [1]
  .bss                zero     0x20001d0c     0x4  heap_5.o [1]
  .bss                zero     0x20001d10     0x4  heap_5.o [1]
  .bss                zero     0x20001d14     0x4  indicator.o [1]
  .bss                zero     0x20001d18     0x4  indicator.o [1]
  .bss                zero     0x20001d1c     0x4  main.o [1]
  .bss                zero     0x20001d20     0x4  main.o [1]
  .bss                zero     0x20001d24     0x4  main.o [1]
  .bss                zero     0x20001d28     0x4  main.o [1]
  .bss                zero     0x20001d2c     0x4  main.o [1]
  .bss                zero     0x20001d30     0x4  stm32f0xx_hal.o [1]
  .bss                zero     0x20001d34     0x4  tasks.o [1]
  .bss                zero     0x20001d38     0x4  tasks.o [1]
  .bss                zero     0x20001d3c     0x4  tasks.o [1]
  .bss                zero     0x20001d40     0x4  tasks.o [1]
  .bss                zero     0x20001d44     0x4  tasks.o [1]
  .bss                zero     0x20001d48     0x4  tasks.o [1]
  .bss                zero     0x20001d4c     0x4  tasks.o [1]
  .bss                zero     0x20001d50     0x4  tasks.o [1]
  .bss                zero     0x20001d54     0x4  tasks.o [1]
  .bss                zero     0x20001d58     0x4  tasks.o [1]
  .bss                zero     0x20001d5c     0x4  tasks.o [1]
  .bss                zero     0x20001d60     0x4  tasks.o [1]
  .bss                zero     0x20001d64     0x4  tasks.o [1]
  .bss                zero     0x20001d68     0x4  tasks.o [1]
  .bss                zero     0x20001d6c     0x4  temp_sensor.o [1]
  .bss                zero     0x20001d70     0x4  temp_sensor.o [1]
  .bss                zero     0x20001d74     0x4  temp_sensor.o [1]
  .bss                zero     0x20001d78     0x4  timers.o [1]
  .bss                zero     0x20001d7c     0x4  timers.o [1]
  .bss                zero     0x20001d80     0x4  timers.o [1]
  .bss                zero     0x20001d84     0x4  timers.o [1]
  .bss                zero     0x20001d88     0x4  timers.o [1]
  .bss                zero     0x20001d8c     0x1  indicator.o [1]
  .bss                zero     0x20001d8d     0x1  temp_sensor.o [1]
                             - 0x20001d8e  0x1916


*******************************************************************************
*** INIT TABLE
***

          Address     Size
          -------     ----
Zero (__iar_zero_init3)
    1 destination range, total size 0x1916:
          0x20000478  0x1916

Copy/packbits (__iar_packbits_init_single3)
    1 source range, total size 0x58 (77% of destination):
          0x0800605e    0x58
    1 destination range, total size 0x72:
          0x20000000    0x72



*******************************************************************************
*** MODULE SUMMARY
***

    Module                  ro code  ro data  rw data
    ------                  -------  -------  -------
C:\work\airpacker_030\EWARM\airpacker_030\Obj: [1]
    cmsis_os.o                  132
    freertos.o                   50             1 704
    heap_5.o                    520                24
    indicator.o               1 708       70      206
    list.o                      152
    main.o                    1 528      236    3 916
    motor.o                     404                 8
    pcconn.o                     52       24
    port.o                      280        3        4
    portasm.o                   124
    queue.o                   1 334                64
    startup_stm32f030x8.o       230
    stm32f0xx_hal.o             144        4        9
    stm32f0xx_hal_adc.o       1 080
    stm32f0xx_hal_cortex.o      260
    stm32f0xx_hal_dma.o          76
    stm32f0xx_hal_exti.o        216
    stm32f0xx_hal_gpio.o        448
    stm32f0xx_hal_msp.o         752
    stm32f0xx_hal_rcc.o       1 592       32
    stm32f0xx_hal_rcc_ex.o      304
    stm32f0xx_hal_spi.o       1 250
    stm32f0xx_hal_tim.o       2 230
    stm32f0xx_hal_tim_ex.o      222
    stm32f0xx_hal_uart.o      1 672
    stm32f0xx_it.o              192
    system_stm32f0xx.o            2       28        4
    tasks.o                   2 136        8      296
    temp_sensor.o             1 144       12       45
    timers.o                    892       16      252
    -------------------------------------------------
    Total:                   21 126      433    6 532

command line: [2]
    -------------------------------------------------
    Total:

dl6M_tlf.a: [3]
    errno.o                      16        3        4
    exit.o                        8
    low_level_init.o              4
    xtls.o                        2
    -------------------------------------------------
    Total:                       30        3        4

m6M_tl.a: [4]
    DblAddSub.o                 436
    DblDiv.o                    194
    DblMul.o                    388
    DblToFlt.o                   98
    DblToI32.o                   78
    FltAddSub.o                 288
    FltCmpGe.o                   40
    FltCmpLe.o                   38
    FltDiv.o                    170
    FltMul.o                    176
    FltToDbl.o                   50
    FltToS32.o                   58
    I32ToFlt.o                   54
    logf.o                       10
    xflog.o                     428
    -------------------------------------------------
    Total:                    2 506

rt6M_tl.a: [5]
    ABImemcpy.o                  92
    ABImemset.o                  64
    I32DivModFast.o             224
    IntDivZer.o                   2
    cexit.o                      10
    cmain.o                      26
    cstartup_M.o                 12
    data_init.o                  40
    packbits_init_single.o       60
    strlen.o                     16
    zero_init3.o                 60
    -------------------------------------------------
    Total:                      606

shb_l.a: [6]
    exit.o                       20
    unwind_debug.o                         1
    -------------------------------------------------
    Total:                       20        1

    Gaps                          1
    Linker created                        32    1 024
-----------------------------------------------------
    Grand Total:             24 289      469    7 560


*******************************************************************************
*** ENTRY LIST
***

Entry                      Address   Size  Type      Object
-----                      -------   ----  ----      ------
.iar.init_table$$Base   0x08005e50          --   Gb  - Linker created -
.iar.init_table$$Limit  0x08005e70          --   Gb  - Linker created -
?main                   0x08005efd         Code  Gb  cmain.o [5]
ADC1_IRQHandler         0x08005d35    0xa  Code  Gb  stm32f0xx_it.o [1]
ADC_Enable              0x08004a93   0x70  Code  Lc  stm32f0xx_hal_adc.o [1]
AHBPrescTable           0x08005fa0   0x10  Data  Gb  system_stm32f0xx.o [1]
APBPrescTable           0x08006010    0x8  Data  Gb  system_stm32f0xx.o [1]
CSTACK$$Base            0x20000078          --   Gb  - Linker created -
CSTACK$$Limit           0x20000478          --   Gb  - Linker created -
EXTI4_15_IRQHandler     0x08005cf1   0x44  Code  Gb  stm32f0xx_it.o [1]
Error_Handler           0x080045af    0x2  Code  Gb  main.o [1]
HAL_ADC_ConfigChannel   0x08004993  0x100  Code  Gb  stm32f0xx_hal_adc.o [1]
HAL_ADC_ConvCpltCallback
                        0x08004e5f   0x48  Code  Gb  temp_sensor.o [1]
HAL_ADC_ErrorCallback   0x0800515f    0x2  Code  Wk  stm32f0xx_hal_adc.o [1]
HAL_ADC_GetValue        0x08004925    0x6  Code  Gb  stm32f0xx_hal_adc.o [1]
HAL_ADC_IRQHandler      0x0800492b   0x68  Code  Gb  stm32f0xx_hal_adc.o [1]
HAL_ADC_Init            0x08004701  0x186  Code  Gb  stm32f0xx_hal_adc.o [1]
HAL_ADC_LevelOutOfWindowCallback
                        0x0800515d    0x2  Code  Wk  stm32f0xx_hal_adc.o [1]
HAL_ADC_MspInit         0x08002fb5   0x6e  Code  Gb  stm32f0xx_hal_msp.o [1]
HAL_ADC_Start_IT        0x08004899   0x70  Code  Gb  stm32f0xx_hal_adc.o [1]
HAL_DMA_Abort_IT        0x08000955   0x4c  Code  Gb  stm32f0xx_hal_dma.o [1]
HAL_EXTI_SetConfigLine  0x08004c0d   0xc2  Code  Gb  stm32f0xx_hal_exti.o [1]
HAL_GPIO_EXTI_Callback  0x080025b5  0x15e  Code  Gb  indicator.o [1]
HAL_GPIO_EXTI_IRQHandler
                        0x080028c3   0x16  Code  Gb  stm32f0xx_hal_gpio.o [1]
HAL_GPIO_Init           0x08002741  0x168  Code  Gb  stm32f0xx_hal_gpio.o [1]
HAL_GPIO_ReadPin        0x080028a9    0xe  Code  Gb  stm32f0xx_hal_gpio.o [1]
HAL_GPIO_WritePin       0x080028b7    0xc  Code  Gb  stm32f0xx_hal_gpio.o [1]
HAL_GetTick             0x08002de1    0xc  Code  Wk  stm32f0xx_hal.o [1]
HAL_IncTick             0x08005d99   0x18  Code  Wk  stm32f0xx_hal.o [1]
HAL_Init                0x080045b1   0x1c  Code  Gb  stm32f0xx_hal.o [1]
HAL_InitTick            0x08003f5d   0x4c  Code  Wk  stm32f0xx_hal.o [1]
HAL_MspInit             0x08002f75   0x40  Code  Gb  stm32f0xx_hal_msp.o [1]
HAL_NVIC_DisableIRQ     0x08002f47    0x8  Code  Gb  stm32f0xx_hal_cortex.o [1]
HAL_NVIC_EnableIRQ      0x08002f3f    0x8  Code  Gb  stm32f0xx_hal_cortex.o [1]
HAL_NVIC_SetPriority    0x08002f37    0x8  Code  Gb  stm32f0xx_hal_cortex.o [1]
HAL_RCCEx_PeriphCLKConfig
                        0x080045d1  0x10e  Code  Gb  stm32f0xx_hal_rcc_ex.o [1]
HAL_RCC_ClockConfig     0x08003d45  0x116  Code  Gb  stm32f0xx_hal_rcc.o [1]
HAL_RCC_GetHCLKFreq     0x08003ed3    0x6  Code  Gb  stm32f0xx_hal_rcc.o [1]
HAL_RCC_GetPCLK1Freq    0x08003edd   0x16  Code  Gb  stm32f0xx_hal_rcc.o [1]
HAL_RCC_GetSysClockFreq
                        0x08003e71   0x62  Code  Gb  stm32f0xx_hal_rcc.o [1]
HAL_RCC_OscConfig       0x080038f1  0x442  Code  Gb  stm32f0xx_hal_rcc.o [1]
HAL_SPI_ErrorCallback   0x08003265    0x2  Code  Wk  stm32f0xx_hal_spi.o [1]
HAL_SPI_IRQHandler      0x08002b6d  0x122  Code  Gb  stm32f0xx_hal_spi.o [1]
HAL_SPI_Init            0x08002901   0xcc  Code  Gb  stm32f0xx_hal_spi.o [1]
HAL_SPI_MspInit         0x08003023   0x78  Code  Gb  stm32f0xx_hal_msp.o [1]
HAL_SPI_Transmit        0x080029cd  0x196  Code  Gb  stm32f0xx_hal_spi.o [1]
HAL_SYSTICK_Config      0x08002f4f    0x8  Code  Gb  stm32f0xx_hal_cortex.o [1]
HAL_TIMEx_BreakCallback
                        0x08006059    0x2  Code  Wk  stm32f0xx_hal_tim_ex.o [1]
HAL_TIMEx_CommutCallback
                        0x08006055    0x2  Code  Wk  stm32f0xx_hal_tim_ex.o [1]
HAL_TIMEx_CommutHalfCpltCallback
                        0x08006057    0x2  Code  Wk  stm32f0xx_hal_tim_ex.o [1]
HAL_TIMEx_ConfigBreakDeadTime
                        0x08004b95   0x52  Code  Gb  stm32f0xx_hal_tim_ex.o [1]
HAL_TIMEx_MasterConfigSynchronization
                        0x08004b35   0x5e  Code  Gb  stm32f0xx_hal_tim_ex.o [1]
HAL_TIM_Base_Init       0x080000b5   0x3e  Code  Gb  stm32f0xx_hal_tim.o [1]
HAL_TIM_Base_MspInit    0x0800309b   0x96  Code  Gb  stm32f0xx_hal_msp.o [1]
HAL_TIM_Base_Start_IT   0x080000f3   0x28  Code  Gb  stm32f0xx_hal_tim.o [1]
HAL_TIM_ConfigClockSource
                        0x08000511   0xb8  Code  Gb  stm32f0xx_hal_tim.o [1]
HAL_TIM_ErrorCallback   0x08006053    0x2  Code  Wk  stm32f0xx_hal_tim.o [1]
HAL_TIM_IC_CaptureCallback
                        0x08006047    0x2  Code  Wk  stm32f0xx_hal_tim.o [1]
HAL_TIM_IC_CaptureHalfCpltCallback
                        0x08006049    0x2  Code  Wk  stm32f0xx_hal_tim.o [1]
HAL_TIM_IRQHandler      0x0800027f  0x194  Code  Gb  stm32f0xx_hal_tim.o [1]
HAL_TIM_MspPostInit     0x08003131   0x8a  Code  Gb  stm32f0xx_hal_msp.o [1]
HAL_TIM_OC_DelayElapsedCallback
                        0x08006045    0x2  Code  Wk  stm32f0xx_hal_tim.o [1]
HAL_TIM_PWM_ConfigChannel
                        0x0800041d   0xf0  Code  Gb  stm32f0xx_hal_tim.o [1]
HAL_TIM_PWM_Init        0x08000121   0x3e  Code  Gb  stm32f0xx_hal_tim.o [1]
HAL_TIM_PWM_MspInit     0x0800603f    0x2  Code  Wk  stm32f0xx_hal_tim.o [1]
HAL_TIM_PWM_PulseFinishedCallback
                        0x0800604b    0x2  Code  Wk  stm32f0xx_hal_tim.o [1]
HAL_TIM_PWM_PulseFinishedHalfCpltCallback
                        0x0800604d    0x2  Code  Wk  stm32f0xx_hal_tim.o [1]
HAL_TIM_PWM_Start       0x0800015f    0x6  Code  Gb  stm32f0xx_hal_tim.o [1]
HAL_TIM_PWM_Stop        0x08000165   0x48  Code  Gb  stm32f0xx_hal_tim.o [1]
HAL_TIM_PeriodElapsedCallback
                        0x08006041    0x2  Code  Wk  stm32f0xx_hal_tim.o [1]
HAL_TIM_PeriodElapsedHalfCpltCallback
                        0x08006043    0x2  Code  Wk  stm32f0xx_hal_tim.o [1]
HAL_TIM_TriggerCallback
                        0x0800604f    0x2  Code  Wk  stm32f0xx_hal_tim.o [1]
HAL_TIM_TriggerHalfCpltCallback
                        0x08006051    0x2  Code  Wk  stm32f0xx_hal_tim.o [1]
HAL_UART_ErrorCallback  0x080038ef    0x2  Code  Wk  stm32f0xx_hal_uart.o [1]
HAL_UART_IRQHandler     0x08003361  0x14e  Code  Gb  stm32f0xx_hal_uart.o [1]
HAL_UART_Init           0x08003269   0x5a  Code  Gb  stm32f0xx_hal_uart.o [1]
HAL_UART_MspInit        0x080031c9   0x7c  Code  Gb  stm32f0xx_hal_msp.o [1]
HAL_UART_Transmit_IT    0x080032dd   0x7a  Code  Gb  stm32f0xx_hal_uart.o [1]
HAL_UART_TxCpltCallback
                        0x08003f29    0x2  Code  Gb  pcconn.o [1]
HardFault_Handler       0x08005cdb    0x2  Code  Gb  stm32f0xx_it.o [1]
MX_ADC_Init()           0x08004127   0x86  Code  Lc  main.o [1]
MX_GPIO_Init()          0x08004431  0x11e  Code  Lc  main.o [1]
MX_SPI1_Init()          0x080041ad   0x44  Code  Lc  main.o [1]
MX_TIM1_Init()          0x080041fd   0xec  Code  Lc  main.o [1]
MX_TIM3_Init()          0x08004311   0xa6  Code  Lc  main.o [1]
MX_TIM6_Init()          0x080043bd   0x1e  Code  Lc  main.o [1]
MX_USART1_UART_Init()   0x080043e5   0x2c  Code  Lc  main.o [1]
NMI_Handler             0x08005cd9    0x2  Code  Gb  stm32f0xx_it.o [1]
PendSV_Handler          0x080019a7         Code  Gb  portasm.o [1]
Region$$Table$$Base     0x08005e50          --   Gb  - Linker created -
Region$$Table$$Limit    0x08005e70          --   Gb  - Linker created -
SPI1_IRQHandler         0x08005d67    0xa  Code  Gb  stm32f0xx_it.o [1]
SPI_DMAAbortOnError     0x08002c95   0x12  Code  Lc  stm32f0xx_hal_spi.o [1]
SPI_EndRxTxTransaction  0x08002d8f   0x4e  Code  Lc  stm32f0xx_hal_spi.o [1]
SPI_WaitFifoStateUntilTimeout
                        0x08002ce5   0x44  Code  Lc  stm32f0xx_hal_spi.o [1]
SPI_WaitFlagStateUntilTimeout
                        0x08002ca7   0x3e  Code  Lc  stm32f0xx_hal_spi.o [1]
SVC_Handler             0x080019e5         Code  Gb  portasm.o [1]
StartDefaultTask(void const *)
                        0x080045a5    0xa  Code  Gb  main.o [1]
SysTick_Config          0x08002f07   0x30  Code  Lc  stm32f0xx_hal_cortex.o [1]
SysTick_Handler         0x08005cdd   0x14  Code  Gb  stm32f0xx_it.o [1]
SystemClock_Config()    0x080040a3   0x84  Code  Gb  main.o [1]
SystemCoreClock         0x20000058    0x4  Data  Gb  system_stm32f0xx.o [1]
SystemInit              0x0800605d    0x2  Code  Gb  system_stm32f0xx.o [1]
TIM1_BRK_UP_TRG_COM_IRQHandler
                        0x08005d3f    0xa  Code  Gb  stm32f0xx_it.o [1]
TIM1_CC_IRQHandler      0x08005d49    0xa  Code  Gb  stm32f0xx_it.o [1]
TIM3_IRQHandler         0x08005d53    0xa  Code  Gb  stm32f0xx_it.o [1]
TIM6_IRQHandler         0x08005d5d    0xa  Code  Gb  stm32f0xx_it.o [1]
TIM_Base_SetConfig      0x080005db   0x78  Code  Gb  stm32f0xx_hal_tim.o [1]
TIM_CCxChannelCmd       0x080008a5   0x20  Code  Gb  stm32f0xx_hal_tim.o [1]
TIM_ETR_SetConfig       0x08000875   0x16  Code  Gb  stm32f0xx_hal_tim.o [1]
TIM_ITRx_SetConfig      0x08000865   0x10  Code  Lc  stm32f0xx_hal_tim.o [1]
TIM_OC1_SetConfig       0x08000655   0x78  Code  Lc  stm32f0xx_hal_tim.o [1]
TIM_OC2_SetConfig       0x080006cd   0x6a  Code  Gb  stm32f0xx_hal_tim.o [1]
TIM_OC3_SetConfig       0x08000737   0x66  Code  Lc  stm32f0xx_hal_tim.o [1]
TIM_OC4_SetConfig       0x080007a5   0x54  Code  Lc  stm32f0xx_hal_tim.o [1]
TIM_ResetCallback       0x080008c5   0x4c  Code  Gb  stm32f0xx_hal_tim.o [1]
TIM_TI1_ConfigInputStage
                        0x0800080d   0x24  Code  Lc  stm32f0xx_hal_tim.o [1]
TIM_TI2_ConfigInputStage
                        0x08000831   0x26  Code  Lc  stm32f0xx_hal_tim.o [1]
UART_AdvFeatureConfig   0x080035fd   0xdc  Code  Gb  stm32f0xx_hal_uart.o [1]
UART_CheckIdleState     0x080036d9   0x5c  Code  Gb  stm32f0xx_hal_uart.o [1]
UART_DMAAbortOnError    0x0800384d   0x14  Code  Lc  stm32f0xx_hal_uart.o [1]
UART_EndRxTransfer      0x080037ed   0x22  Code  Lc  stm32f0xx_hal_uart.o [1]
UART_EndTransmit_IT     0x080038d3   0x1c  Code  Lc  stm32f0xx_hal_uart.o [1]
UART_SetConfig          0x080034b5  0x142  Code  Gb  stm32f0xx_hal_uart.o [1]
UART_TxISR_16BIT        0x0800388b   0x2e  Code  Lc  stm32f0xx_hal_uart.o [1]
UART_TxISR_8BIT         0x08003861   0x2a  Code  Lc  stm32f0xx_hal_uart.o [1]
UART_WaitOnFlagUntilTimeout
                        0x08003749   0x9e  Code  Gb  stm32f0xx_hal_uart.o [1]
USART1_IRQHandler       0x08005d71    0xa  Code  Gb  stm32f0xx_it.o [1]
__ICFEDIT_region_RAM_end__ {Abs}
                        0x20001fff         Data  Gb  command line/config [2]
__ICFEDIT_region_RAM_start__ {Abs}
                        0x20000000         Data  Gb  command line/config [2]
__NVIC_DisableIRQ       0x08002e83   0x1a  Code  Lc  stm32f0xx_hal_cortex.o [1]
__NVIC_EnableIRQ        0x08002e71   0x12  Code  Lc  stm32f0xx_hal_cortex.o [1]
__NVIC_SetPriority      0x08002e9d   0x6a  Code  Lc  stm32f0xx_hal_cortex.o [1]
__aeabi_cfcmple         0x08005b1d         Code  Gb  FltCmpLe.o [4]
__aeabi_cfrcmple        0x08005939         Code  Gb  FltCmpGe.o [4]
__aeabi_d2f             0x08005347         Code  Gb  DblToFlt.o [4]
__aeabi_d2iz            0x080058e9         Code  Gb  DblToI32.o [4]
__aeabi_dadd            0x08005193         Code  Gb  DblAddSub.o [4]
__aeabi_ddiv            0x080053a9         Code  Gb  DblDiv.o [4]
__aeabi_dmul            0x08005677         Code  Gb  DblMul.o [4]
__aeabi_dsub            0x08005259         Code  Gb  DblAddSub.o [4]
__aeabi_errno_addr      0x08005b0d    0xa  Code  Gb  errno.o [3]
__aeabi_f2d             0x08005161         Code  Gb  FltToDbl.o [4]
__aeabi_f2iz            0x080058ad         Code  Gb  FltToS32.o [4]
__aeabi_fadd            0x0800551f         Code  Gb  FltAddSub.o [4]
__aeabi_fdiv            0x0800546b         Code  Gb  FltDiv.o [4]
__aeabi_fmul            0x080057fb         Code  Gb  FltMul.o [4]
__aeabi_fsub            0x0800558f         Code  Gb  FltAddSub.o [4]
__aeabi_i2f             0x08005641         Code  Gb  I32ToFlt.o [4]
__aeabi_idiv            0x08001a49         Code  Gb  I32DivModFast.o [5]
__aeabi_idiv0           0x08002035         Code  Gb  IntDivZer.o [5]
__aeabi_idivmod         0x08001a49         Code  Gb  I32DivModFast.o [5]
__aeabi_memclr4         0x0800143d         Code  Gb  ABImemset.o [5]
__aeabi_memclr8         0x0800143d         Code  Gb  ABImemset.o [5]
__aeabi_memcpy          0x08002039         Code  Gb  ABImemcpy.o [5]
__aeabi_memcpy4         0x08002061         Code  Wk  ABImemcpy.o [5]
__aeabi_memset4         0x08001401         Code  Gb  ABImemset.o [5]
__aeabi_memset8         0x08001401         Code  Gb  ABImemset.o [5]
__aeabi_ui2f            0x08005659         Code  Gb  I32ToFlt.o [4]
__aeabi_uidiv           0x08001a4f         Code  Gb  I32DivModFast.o [5]
__aeabi_uidivmod        0x08001a4f         Code  Gb  I32DivModFast.o [5]
__cmain                 0x08005efd         Code  Gb  cmain.o [5]
__exit                  0x08005f31   0x14  Code  Gb  exit.o [6]
__iar_Errno             0x2000006c    0x4  Data  Gb  errno.o [3]
__iar_FLog              0x08005961  0x168  Code  Gb  xflog.o [4]
__iar_Memset4_word      0x0800140d         Code  Gb  ABImemset.o [5]
__iar_d2uiz             0x0800590d         Code  Gb  DblToI32.o [4]
__iar_data_init3        0x08005e29   0x28  Code  Gb  data_init.o [5]
__iar_debug_exceptions  0x0800605a    0x1  Data  Gb  unwind_debug.o [6]
__iar_dlib_perthread_access
                        0x08005b43    0x2  Code  Gb  xtls.o [3]
__iar_packbits_init_single3
                        0x08005ded   0x3c  Code  Gb  packbits_init_single.o [5]
__iar_program_start     0x08005fe5         Code  Gb  cstartup_M.o [5]
__iar_ui2f              0x0800565d         Code  Gb  I32ToFlt.o [4]
__iar_zero_init3        0x08005db1   0x3c  Code  Gb  zero_init3.o [5]
__low_level_init        0x08005f17    0x4  Code  Gb  low_level_init.o [3]
__vector_table          0x08000000         Data  Gb  startup_stm32f030x8.o [1]
_call_main              0x08005f09         Code  Gb  cmain.o [5]
_exit                   0x08005f25         Code  Gb  cexit.o [5]
_main                   0x08005f13         Code  Gb  cmain.o [5]
adcBuffer               0x20001d6c    0x4  Data  Gb  temp_sensor.o [1]
adcDataReadyFlag        0x20001d8d    0x1  Data  Gb  temp_sensor.o [1]
adcIndex                0x20001d70    0x4  Data  Gb  temp_sensor.o [1]
buttonEdit              0x20000000   0x10  Data  Gb  indicator.o [1]
buttonEditHandler(unsigned int *)
                        0x080022df   0x34  Code  Gb  indicator.o [1]
buttonExti              0x20001cb4   0x10  Data  Gb  indicator.o [1]
buttonGo                0x20000010   0x10  Data  Gb  indicator.o [1]
buttonGoHandler(unsigned int *)
                        0x08002293   0x4c  Code  Gb  indicator.o [1]
buttonLeft              0x20000020   0x10  Data  Gb  indicator.o [1]
buttonLeftHandler(unsigned int *)
                        0x08002321   0xc8  Code  Gb  indicator.o [1]
buttonRight             0x20000030   0x10  Data  Gb  indicator.o [1]
buttonRightHandler(unsigned int *)
                        0x080023f1   0xbc  Code  Gb  indicator.o [1]
calcHeaterPwm(float)    0x08004eb9   0x9a  Code  Gb  temp_sensor.o [1]
calcTempByV(float, float, float, float, float)
                        0x08004d69   0x94  Code  Lc  temp_sensor.o [1]
currentDT               0x20001d74    0x4  Data  Gb  temp_sensor.o [1]
currentR                0x20001d8c    0x1  Data  Gb  indicator.o [1]
defaultTaskHandle       0x20001d1c    0x4  Data  Gb  main.o [1]
deviceControlTaskFunc(void const *)
                        0x08005bcf   0xe4  Code  Gb  motor.o [1]
deviceCurrentState      0x20001bd4   0x34  Data  Gb  indicator.o [1]
deviceMenuState         0x20001d18    0x4  Data  Gb  indicator.o [1]
disableAll()            0x08005bc3    0xc  Code  Gb  motor.o [1]
disableAllR             0x08002109    0x8  Code  Gb  indicator.o [1]
disableBlower()         0x08005bab   0x18  Code  Gb  motor.o [1]
disableHeater()         0x08004d51   0x18  Code  Gb  temp_sensor.o [1]
disableMotor()          0x08005b77   0x18  Code  Gb  motor.o [1]
divideIntoDigits(unsigned short)
                        0x08002095   0x4c  Code  Gb  indicator.o [1]
enableR0                0x080020e1    0x6  Code  Gb  indicator.o [1]
enableR1                0x080020f1    0x8  Code  Gb  indicator.o [1]
enableR2                0x080020f9    0x8  Code  Gb  indicator.o [1]
enableR3                0x08002101    0x8  Code  Gb  indicator.o [1]
exit                    0x08005f1b    0x8  Code  Gb  exit.o [3]
getMotorControlVoltage()
                        0x08004e37   0x28  Code  Gb  temp_sensor.o [1]
getSensorTemperature()  0x08004dfd   0x3a  Code  Gb  temp_sensor.o [1]
hadc                    0x20001b54   0x40  Data  Gb  main.o [1]
heap_ram                0x20000478  0xc00  Data  Gb  main.o [1]
hspi1                   0x20001a00   0x64  Data  Gb  main.o [1]
htim1                   0x20001678   0xac  Data  Gb  main.o [1]
htim3                   0x20001724   0xac  Data  Gb  main.o [1]
htim6                   0x200017d0   0xac  Data  Gb  main.o [1]
huart1                  0x20001908   0x80  Data  Gb  main.o [1]
indicatorTaskFunc(void const *)
                        0x080024e9   0xa8  Code  Gb  indicator.o [1]
indicatorTaskHandle     0x20001d2c    0x4  Data  Gb  main.o [1]
irqDelay(int)           0x080025a5   0x10  Code  Gb  indicator.o [1]
lineEditButton          0x20001ce4    0x8  Data  Gb  indicator.o [1]
lineGoButton            0x20001cdc    0x8  Data  Gb  indicator.o [1]
lineLeftButton          0x20001cec    0x8  Data  Gb  indicator.o [1]
lineRightButton         0x20001cf4    0x8  Data  Gb  indicator.o [1]
logf                    0x08005515    0xa  Code  Gb  logf.o [4]
main                    0x08003fb9   0xea  Code  Gb  main.o [1]
makeFreeRtosPriority    0x08002ded    0xc  Code  Lc  cmsis_os.o [1]
motorControlTaskHandle  0x20001d20    0x4  Data  Gb  main.o [1]
numToLcd                0x08005fc0    0xc  Data  Lc  indicator.o [1]
osDelay                 0x08002e61   0x10  Code  Gb  cmsis_os.o [1]
osKernelStart           0x08002df9    0xa  Code  Gb  cmsis_os.o [1]
osThreadCreate          0x08002e03   0x5e  Code  Gb  cmsis_os.o [1]
pcconnTaskFunc(void const *)
                        0x08003f2b   0x26  Code  Gb  pcconn.o [1]
pcconnTaskHandle        0x20001d28    0x4  Data  Gb  main.o [1]
pidSettings             0x2000005c   0x10  Data  Gb  temp_sensor.o [1]
pidState                0x20001cc4   0x10  Data  Gb  temp_sensor.o [1]
prvAddCurrentTaskToDelayedList
                        0x0800117d   0x62  Code  Lc  tasks.o [1]
prvAddNewTaskToReadyList
                        0x08000ac3   0x8c  Code  Lc  tasks.o [1]
prvCheckForValidListAndQueue
                        0x08001929   0x50  Code  Lc  timers.o [1]
prvCheckForValidListAndQueue{1}{2}{3}{4}::ucStaticTimerQueueStorage
                        0x20001988   0x78  Data  Lc  timers.o [1]
prvCheckForValidListAndQueue{1}{2}{3}{4}::xStaticTimerQueue
                        0x20001b0c   0x48  Data  Lc  timers.o [1]
prvCheckTasksWaitingTermination
                        0x0800101b   0x3c  Code  Lc  tasks.o [1]
prvCopyDataFromQueue    0x08001eef   0x2a  Code  Lc  queue.o [1]
prvCopyDataToQueue      0x08001e79   0x76  Code  Lc  queue.o [1]
prvDeleteTCB            0x08001059   0x2e  Code  Lc  tasks.o [1]
prvGetNextExpireTime    0x0800177f   0x22  Code  Lc  timers.o [1]
prvIdleTask             0x08000fc9   0x14  Code  Lc  tasks.o [1]
prvInitialiseNewQueue   0x08001bb9   0x1a  Code  Lc  queue.o [1]
prvInitialiseNewTask    0x08000a41   0x82  Code  Lc  tasks.o [1]
prvInitialiseTaskLists  0x08000fdd   0x3e  Code  Lc  tasks.o [1]
prvInsertBlockIntoFreeList
                        0x080012f1   0x4e  Code  Lc  heap_5.o [1]
prvInsertTimerInActiveList
                        0x080017c7   0x34  Code  Lc  timers.o [1]
prvIsQueueEmpty         0x08001f83   0x18  Code  Lc  queue.o [1]
prvIsQueueFull          0x08001f9d   0x1e  Code  Lc  queue.o [1]
prvProcessExpiredTimer  0x080016c1   0x4e  Code  Lc  timers.o [1]
prvProcessReceivedCommands
                        0x0800180d   0xae  Code  Lc  timers.o [1]
prvProcessTimerOrBlockTask
                        0x08001723   0x5c  Code  Lc  timers.o [1]
prvResetNextTaskUnblockTime
                        0x08001087   0x20  Code  Lc  tasks.o [1]
prvSampleTimeNow        0x080017a1   0x26  Code  Lc  timers.o [1]
prvSampleTimeNow::xLastTime
                        0x20001d88    0x4  Data  Lc  timers.o [1]
prvSetupTimerInterrupt  0x080015a9   0x26  Code  Lc  port.o [1]
prvSwitchTimerLists     0x080018bd   0x6c  Code  Lc  timers.o [1]
prvTaskExitError        0x08001501   0x14  Code  Lc  port.o [1]
prvTimerTask            0x0800170f   0x14  Code  Lc  timers.o [1]
prvUnlockQueue          0x08001f19   0x6a  Code  Lc  queue.o [1]
pvPortMalloc            0x080011f9   0xae  Code  Gb  heap_5.o [1]
pxCurrentTCB            0x20001d34    0x4  Data  Gb  tasks.o [1]
pxCurrentTimerList      0x20001d78    0x4  Data  Lc  timers.o [1]
pxDelayedTaskList       0x20001d38    0x4  Data  Lc  tasks.o [1]
pxEnd                   0x20001d04    0x4  Data  Lc  heap_5.o [1]
pxOverflowDelayedTaskList
                        0x20001d3c    0x4  Data  Lc  tasks.o [1]
pxOverflowTimerList     0x20001d7c    0x4  Data  Lc  timers.o [1]
pxPortInitialiseStack   0x080014d9   0x26  Code  Gb  port.o [1]
pxReadyTasksLists       0x2000187c   0x8c  Data  Lc  tasks.o [1]
r                       0x20001d14    0x4  Data  Gb  indicator.o [1]
resetPid()              0x08004ea7   0x12  Code  Gb  temp_sensor.o [1]
setBlowerPwm(int)       0x08005b8f   0x1c  Code  Gb  motor.o [1]
setHeaterPwm(int)       0x08004ce5   0x6c  Code  Gb  temp_sensor.o [1]
setMotorPwm(int)        0x08005b45   0x32  Code  Gb  motor.o [1]
showMenu()              0x080024ad   0x2e  Code  Gb  indicator.o [1]
showMenu()::updateValuePeriod
                        0x20000070    0x1  Data  Lc  indicator.o [1]
showValue(int *, tMenuState *)
                        0x08002111  0x182  Code  Gb  indicator.o [1]
speedSettings           0x20001cfc    0x8  Data  Gb  motor.o [1]
strlen                  0x08003fa9   0x10  Code  Gb  strlen.o [5]
temperatureAndPwmControlTaskFunc(void const *)
                        0x08004f8d  0x174  Code  Gb  temp_sensor.o [1]
temperatureControlTaskHandle
                        0x20001d24    0x4  Data  Gb  main.o [1]
timePressed             0x20001c94   0x10  Data  Gb  indicator.o [1]
timeReleased            0x20001ca4   0x10  Data  Gb  indicator.o [1]
ulSetInterruptMaskFromISR
                        0x08001a09         Code  Gb  portasm.o [1]
uwTick                  0x20001d30    0x4  Data  Gb  stm32f0xx_hal.o [1]
uwTickFreq              0x20000071    0x1  Data  Gb  stm32f0xx_hal.o [1]
uwTickPrio              0x20000054    0x4  Data  Gb  stm32f0xx_hal.o [1]
uxCriticalNesting       0x20000050    0x4  Data  Lc  port.o [1]
uxCurrentNumberOfTasks  0x20001d44    0x4  Data  Lc  tasks.o [1]
uxDeletedTasksWaitingCleanUp
                        0x20001d40    0x4  Data  Lc  tasks.o [1]
uxListRemove            0x080014b3   0x26  Code  Gb  list.o [1]
uxPendedTicks           0x20001d54    0x4  Data  Lc  tasks.o [1]
uxSchedulerSuspended    0x20001d68    0x4  Data  Lc  tasks.o [1]
uxTaskNumber            0x20001d60    0x4  Data  Lc  tasks.o [1]
uxTopReadyPriority      0x20001d4c    0x4  Data  Lc  tasks.o [1]
vApplicationGetIdleTaskMemory
                        0x080015f1    0xe  Code  Gb  freertos.o [1]
vApplicationGetTimerTaskMemory
                        0x080015ff   0x10  Code  Gb  freertos.o [1]
vApplicationStackOverflowHook
                        0x0800199d    0x2  Code  Wk  freertos.o [1]
vClearInterruptMaskFromISR
                        0x08001a11         Code  Gb  portasm.o [1]
vListInitialise         0x08001441   0x1e  Code  Gb  list.o [1]
vListInitialiseItem     0x0800145f    0x6  Code  Gb  list.o [1]
vListInsert             0x0800147d   0x36  Code  Gb  list.o [1]
vListInsertEnd          0x08001465   0x18  Code  Gb  list.o [1]
vPortDefineHeapRegions  0x08001341   0xaa  Code  Gb  heap_5.o [1]
vPortEnterCritical      0x08001551    0xc  Code  Gb  port.o [1]
vPortExitCritical       0x08001569   0x20  Code  Gb  port.o [1]
vPortFree               0x080012a9   0x48  Code  Gb  heap_5.o [1]
vPortStartFirstTask     0x080019e7         Code  Gb  portasm.o [1]
vPortYield              0x08001545    0x8  Code  Gb  port.o [1]
vQueueAddToRegistry     0x08001fbb   0x26  Code  Gb  queue.o [1]
vQueueWaitForMessageRestricted
                        0x08001fe5   0x4e  Code  Gb  queue.o [1]
vSetMSP                 0x080019a1         Code  Gb  portasm.o [1]
vTaskDelay              0x08000b51   0x2c  Code  Gb  tasks.o [1]
vTaskInternalSetTimeOutState
                        0x08000f49    0xe  Code  Gb  tasks.o [1]
vTaskMissedYield        0x08000fc1    0x8  Code  Gb  tasks.o [1]
vTaskPlaceOnEventList   0x08000e65   0x18  Code  Gb  tasks.o [1]
vTaskPlaceOnEventListRestricted
                        0x08000e8d   0x2a  Code  Gb  tasks.o [1]
vTaskStartScheduler     0x08000b99   0x62  Code  Gb  tasks.o [1]
vTaskSuspendAll         0x08000bfd    0xc  Code  Gb  tasks.o [1]
vTaskSwitchContext      0x08000dd9   0x8c  Code  Gb  tasks.o [1]
xActiveTimerList1       0x20001c6c   0x14  Data  Lc  timers.o [1]
xActiveTimerList2       0x20001c80   0x14  Data  Lc  timers.o [1]
xBlockAllocatedBit      0x20001d10    0x4  Data  Lc  heap_5.o [1]
xDelayedTaskList1       0x20001c08   0x14  Data  Lc  tasks.o [1]
xDelayedTaskList2       0x20001c1c   0x14  Data  Lc  tasks.o [1]
xFreeBytesRemaining     0x20001d08    0x4  Data  Lc  heap_5.o [1]
xHeapRegions            0x20000040   0x10  Data  Gb  main.o [1]
xIdleStack              0x20001478  0x200  Data  Lc  freertos.o [1]
xIdleTaskTCBBuffer      0x20001a64   0x54  Data  Lc  freertos.o [1]
xMinimumEverFreeBytesRemaining
                        0x20001d0c    0x4  Data  Lc  heap_5.o [1]
xNextTaskUnblockTime    0x20001d64    0x4  Data  Lc  tasks.o [1]
xNumOfOverflows         0x20001d5c    0x4  Data  Lc  tasks.o [1]
xPendingReadyList       0x20001c30   0x14  Data  Lc  tasks.o [1]
xPortStartScheduler     0x08001515   0x2e  Code  Gb  port.o [1]
xPortSysTickHandler     0x08001589   0x20  Code  Gb  port.o [1]
xQueueGenericCreateStatic
                        0x08001b71   0x48  Code  Gb  queue.o [1]
xQueueGenericReset      0x08001afd   0x74  Code  Gb  queue.o [1]
xQueueGenericSend       0x08001bd5  0x112  Code  Gb  queue.o [1]
xQueueGenericSendFromISR
                        0x08001ce9   0x7c  Code  Gb  queue.o [1]
xQueueReceive           0x08001d71  0x108  Code  Gb  queue.o [1]
xQueueRegistry          0x20001b94   0x40  Data  Gb  queue.o [1]
xSchedulerRunning       0x20001d50    0x4  Data  Lc  tasks.o [1]
xStart                  0x20001cd4    0x8  Data  Lc  heap_5.o [1]
xSuspendedTaskList      0x20001c58   0x14  Data  Lc  tasks.o [1]
xTaskCheckForTimeOut    0x08000f5d   0x5e  Code  Gb  tasks.o [1]
xTaskCreate             0x080009ed   0x54  Code  Gb  tasks.o [1]
xTaskCreateStatic       0x080009a1   0x4c  Code  Gb  tasks.o [1]
xTaskGetSchedulerState  0x080010ad   0x1c  Code  Gb  tasks.o [1]
xTaskGetTickCount       0x08000cc5    0x6  Code  Gb  tasks.o [1]
xTaskIncrementTick      0x08000ce5   0xe2  Code  Gb  tasks.o [1]
xTaskPriorityDisinherit
                        0x080010d1   0x6a  Code  Gb  tasks.o [1]
xTaskRemoveFromEventList
                        0x08000ec9   0x66  Code  Gb  tasks.o [1]
xTaskResumeAll          0x08000c09   0xbc  Code  Gb  tasks.o [1]
xTasksWaitingTermination
                        0x20001c44   0x14  Data  Lc  tasks.o [1]
xTickCount              0x20001d48    0x4  Data  Lc  tasks.o [1]
xTimerCreateTimerTask   0x08001621   0x4c  Code  Gb  timers.o [1]
xTimerGenericCommand    0x0800166d   0x54  Code  Gb  timers.o [1]
xTimerQueue             0x20001d80    0x4  Data  Lc  timers.o [1]
xTimerStack             0x20001078  0x400  Data  Lc  freertos.o [1]
xTimerTaskHandle        0x20001d84    0x4  Data  Lc  timers.o [1]
xTimerTaskTCBBuffer     0x20001ab8   0x54  Data  Lc  freertos.o [1]
xYieldPending           0x20001d58    0x4  Data  Lc  tasks.o [1]


[1] = C:\work\airpacker_030\EWARM\airpacker_030\Obj
[2] = command line
[3] = dl6M_tlf.a
[4] = m6M_tl.a
[5] = rt6M_tl.a
[6] = shb_l.a

  24 289 bytes of readonly  code memory
     469 bytes of readonly  data memory
   7 560 bytes of readwrite data memory

Errors: none
Warnings: none
